Archive member included because of file (symbol)

c:/siliconlabs/simplicitystudio/v3/developer/toolchains/gnu_arm/4.8_2013q4/bin/../lib/gcc/arm-none-eabi/4.8.3/armv7-m\libgcc.a(_arm_addsubsf3.o)
                              build/vddcheck.o (__aeabi_fsub)
c:/siliconlabs/simplicitystudio/v3/developer/toolchains/gnu_arm/4.8_2013q4/bin/../lib/gcc/arm-none-eabi/4.8.3/armv7-m\libgcc.a(_arm_muldivsf3.o)
                              build/vddcheck.o (__aeabi_fdiv)
c:/siliconlabs/simplicitystudio/v3/developer/toolchains/gnu_arm/4.8_2013q4/bin/../lib/gcc/arm-none-eabi/4.8.3/armv7-m\libgcc.a(_arm_fixunssfsi.o)
                              build/vddcheck.o (__aeabi_f2uiz)
c:/siliconlabs/simplicitystudio/v3/developer/toolchains/gnu_arm/4.8_2013q4/bin/../lib/gcc/arm-none-eabi/4.8.3/armv7-m\libgcc.a(_aeabi_uldivmod.o)
                              build/em_usart.o (__aeabi_uldivmod)
c:/siliconlabs/simplicitystudio/v3/developer/toolchains/gnu_arm/4.8_2013q4/bin/../lib/gcc/arm-none-eabi/4.8.3/armv7-m\libgcc.a(bpabi.o)
                              c:/siliconlabs/simplicitystudio/v3/developer/toolchains/gnu_arm/4.8_2013q4/bin/../lib/gcc/arm-none-eabi/4.8.3/armv7-m\libgcc.a(_aeabi_uldivmod.o) (__gnu_uldivmod_helper)
c:/siliconlabs/simplicitystudio/v3/developer/toolchains/gnu_arm/4.8_2013q4/bin/../lib/gcc/arm-none-eabi/4.8.3/armv7-m\libgcc.a(_dvmd_tls.o)
                              c:/siliconlabs/simplicitystudio/v3/developer/toolchains/gnu_arm/4.8_2013q4/bin/../lib/gcc/arm-none-eabi/4.8.3/armv7-m\libgcc.a(_aeabi_uldivmod.o) (__aeabi_ldiv0)
c:/siliconlabs/simplicitystudio/v3/developer/toolchains/gnu_arm/4.8_2013q4/bin/../lib/gcc/arm-none-eabi/4.8.3/armv7-m\libgcc.a(_divdi3.o)
                              c:/siliconlabs/simplicitystudio/v3/developer/toolchains/gnu_arm/4.8_2013q4/bin/../lib/gcc/arm-none-eabi/4.8.3/armv7-m\libgcc.a(bpabi.o) (__divdi3)
c:/siliconlabs/simplicitystudio/v3/developer/toolchains/gnu_arm/4.8_2013q4/bin/../lib/gcc/arm-none-eabi/4.8.3/armv7-m\libgcc.a(_udivdi3.o)
                              c:/siliconlabs/simplicitystudio/v3/developer/toolchains/gnu_arm/4.8_2013q4/bin/../lib/gcc/arm-none-eabi/4.8.3/armv7-m\libgcc.a(bpabi.o) (__udivdi3)
c:/siliconlabs/simplicitystudio/v3/developer/toolchains/gnu_arm/4.8_2013q4/bin/../lib/gcc/arm-none-eabi/4.8.3/../../../../arm-none-eabi/lib/armv7-m\libc_s.a(lib_a-exit.o)
                              c:/siliconlabs/simplicitystudio/v3/developer/toolchains/gnu_arm/4.8_2013q4/bin/../lib/gcc/arm-none-eabi/4.8.3/../../../../arm-none-eabi/lib/armv7-m/crt0.o (exit)
c:/siliconlabs/simplicitystudio/v3/developer/toolchains/gnu_arm/4.8_2013q4/bin/../lib/gcc/arm-none-eabi/4.8.3/../../../../arm-none-eabi/lib/armv7-m\libc_s.a(lib_a-impure.o)
                              c:/siliconlabs/simplicitystudio/v3/developer/toolchains/gnu_arm/4.8_2013q4/bin/../lib/gcc/arm-none-eabi/4.8.3/../../../../arm-none-eabi/lib/armv7-m\libc_s.a(lib_a-exit.o) (_global_impure_ptr)
c:/siliconlabs/simplicitystudio/v3/developer/toolchains/gnu_arm/4.8_2013q4/bin/../lib/gcc/arm-none-eabi/4.8.3/../../../../arm-none-eabi/lib/armv7-m\libc_s.a(lib_a-init.o)
                              c:/siliconlabs/simplicitystudio/v3/developer/toolchains/gnu_arm/4.8_2013q4/bin/../lib/gcc/arm-none-eabi/4.8.3/../../../../arm-none-eabi/lib/armv7-m/crt0.o (__libc_init_array)
c:/siliconlabs/simplicitystudio/v3/developer/toolchains/gnu_arm/4.8_2013q4/bin/../lib/gcc/arm-none-eabi/4.8.3/../../../../arm-none-eabi/lib/armv7-m\libc_s.a(lib_a-memcpy-stub.o)
                              build/bsp_stk.o (memcpy)
c:/siliconlabs/simplicitystudio/v3/developer/toolchains/gnu_arm/4.8_2013q4/bin/../lib/gcc/arm-none-eabi/4.8.3/../../../../arm-none-eabi/lib/armv7-m\libc_s.a(lib_a-memset.o)
                              c:/siliconlabs/simplicitystudio/v3/developer/toolchains/gnu_arm/4.8_2013q4/bin/../lib/gcc/arm-none-eabi/4.8.3/../../../../arm-none-eabi/lib/armv7-m/crt0.o (memset)
c:/siliconlabs/simplicitystudio/v3/developer/toolchains/gnu_arm/4.8_2013q4/bin/../lib/gcc/arm-none-eabi/4.8.3/../../../../arm-none-eabi/lib/armv7-m\libc_s.a(lib_a-strlen.o)
                              build/segmentlcd.o (strlen)
c:/siliconlabs/simplicitystudio/v3/developer/toolchains/gnu_arm/4.8_2013q4/bin/../lib/gcc/arm-none-eabi/4.8.3/../../../../arm-none-eabi/lib/armv7-m\libnosys.a(_exit.o)
                              c:/siliconlabs/simplicitystudio/v3/developer/toolchains/gnu_arm/4.8_2013q4/bin/../lib/gcc/arm-none-eabi/4.8.3/../../../../arm-none-eabi/lib/armv7-m\libc_s.a(lib_a-exit.o) (_exit)

Allocating common symbols
Common symbol       size              file

SystemCoreClock     0x4               build/system_efm32gg.o

Discarded input sections

 .text          0x00000000        0x0 c:/siliconlabs/simplicitystudio/v3/developer/toolchains/gnu_arm/4.8_2013q4/bin/../lib/gcc/arm-none-eabi/4.8.3/armv7-m/crti.o
 .data          0x00000000        0x0 c:/siliconlabs/simplicitystudio/v3/developer/toolchains/gnu_arm/4.8_2013q4/bin/../lib/gcc/arm-none-eabi/4.8.3/armv7-m/crti.o
 .bss           0x00000000        0x0 c:/siliconlabs/simplicitystudio/v3/developer/toolchains/gnu_arm/4.8_2013q4/bin/../lib/gcc/arm-none-eabi/4.8.3/armv7-m/crti.o
 .data          0x00000000        0x4 c:/siliconlabs/simplicitystudio/v3/developer/toolchains/gnu_arm/4.8_2013q4/bin/../lib/gcc/arm-none-eabi/4.8.3/armv7-m/crtbegin.o
 .data          0x00000000        0x0 c:/siliconlabs/simplicitystudio/v3/developer/toolchains/gnu_arm/4.8_2013q4/bin/../lib/gcc/arm-none-eabi/4.8.3/../../../../arm-none-eabi/lib/armv7-m/crt0.o
 .bss           0x00000000        0x0 c:/siliconlabs/simplicitystudio/v3/developer/toolchains/gnu_arm/4.8_2013q4/bin/../lib/gcc/arm-none-eabi/4.8.3/../../../../arm-none-eabi/lib/armv7-m/crt0.o
 .ARM.extab     0x00000000        0x0 c:/siliconlabs/simplicitystudio/v3/developer/toolchains/gnu_arm/4.8_2013q4/bin/../lib/gcc/arm-none-eabi/4.8.3/../../../../arm-none-eabi/lib/armv7-m/crt0.o
 .text          0x00000000        0x0 build/system_efm32gg.o
 .data          0x00000000        0x0 build/system_efm32gg.o
 .bss           0x00000000        0x0 build/system_efm32gg.o
 .text.SystemHFXOClockSet
                0x00000000       0x2c build/system_efm32gg.o
 .text.SystemLFXOClockSet
                0x00000000       0x2c build/system_efm32gg.o
 .text          0x00000000        0x0 build/vddcheck.o
 .data          0x00000000        0x0 build/vddcheck.o
 .bss           0x00000000        0x0 build/vddcheck.o
 .text.VCMP_Disable
                0x00000000       0x14 build/vddcheck.o
 .text.VCMP_VoltageToLevel
                0x00000000       0x34 build/vddcheck.o
 .text.VCMP_VDDHigher
                0x00000000       0x18 build/vddcheck.o
 .text.VCMP_Ready
                0x00000000       0x18 build/vddcheck.o
 .text.VDDCHECK_Init
                0x00000000       0x20 build/vddcheck.o
 .text.VDDCHECK_Disable
                0x00000000       0x18 build/vddcheck.o
 .rodata        0x00000000       0x1c build/vddcheck.o
 .text.VDDCHECK_LowVoltage
                0x00000000       0x68 build/vddcheck.o
 .comment       0x00000000       0x7f build/vddcheck.o
 .ARM.attributes
                0x00000000       0x33 build/vddcheck.o
 .text          0x00000000        0x0 build/segmentlcd.o
 .data          0x00000000        0x0 build/segmentlcd.o
 .bss           0x00000000        0x0 build/segmentlcd.o
 .text.LCD_Enable
                0x00000000       0x34 build/segmentlcd.o
 .rodata.EFM_Numbers
                0x00000000       0x22 build/segmentlcd.o
 .rodata.Blocks
                0x00000000        0x8 build/segmentlcd.o
 .rodata.signIndex
                0x00000000        0x2 build/segmentlcd.o
 .text.SegmentLCD_AllOn
                0x00000000       0xcc build/segmentlcd.o
 .text.SegmentLCD_ARing
                0x00000000       0x50 build/segmentlcd.o
 .text.SegmentLCD_Battery
                0x00000000       0x74 build/segmentlcd.o
 .text.SegmentLCD_Block
                0x00000000       0x30 build/segmentlcd.o
 .text.SegmentLCD_Disable
                0x00000000       0x28 build/segmentlcd.o
 .text.SegmentLCD_EnergyMode
                0x00000000       0x50 build/segmentlcd.o
 .text.SegmentLCD_LowerHex
                0x00000000       0x8e build/segmentlcd.o
 .rodata        0x00000000        0x8 build/segmentlcd.o
 .text.SegmentLCD_LowerNumber
                0x00000000       0xbc build/segmentlcd.o
 .text.SegmentLCD_Number
                0x00000000      0x130 build/segmentlcd.o
 .text.SegmentLCD_NumberOff
                0x00000000       0x4c build/segmentlcd.o
 .text.SegmentLCD_Symbol
                0x00000000      0x138 build/segmentlcd.o
 .text.SegmentLCD_UnsignedHex
                0x00000000       0xd4 build/segmentlcd.o
 .text.displayBlock
                0x00000000      0x118 build/segmentlcd.o
 .text          0x00000000        0x0 build/em_assert.o
 .data          0x00000000        0x0 build/em_assert.o
 .bss           0x00000000        0x0 build/em_assert.o
 .text          0x00000000        0x0 build/em_cmu.o
 .data          0x00000000        0x0 build/em_cmu.o
 .bss           0x00000000        0x0 build/em_cmu.o
 .text.BUS_RegMaskedWrite
                0x00000000       0x20 build/em_cmu.o
 .text.CMU_Log2ToDiv
                0x00000000       0x12 build/em_cmu.o
 .text.CMU_AUXHFRCOBandGet
                0x00000000       0x14 build/em_cmu.o
 .text.CMU_AUXHFRCOBandSet
                0x00000000       0xb8 build/em_cmu.o
 .text.CMU_Calibrate
                0x00000000       0xac build/em_cmu.o
 .text.CMU_CalibrateConfig
                0x00000000      0x104 build/em_cmu.o
 .text.CMU_CalibrateCountGet
                0x00000000       0x34 build/em_cmu.o
 .text.CMU_ClockDivGet
                0x00000000      0x190 build/em_cmu.o
 .text.CMU_FreezeEnable
                0x00000000       0x34 build/em_cmu.o
 .text.CMU_HFRCOBandGet
                0x00000000       0x14 build/em_cmu.o
 .text.CMU_HFRCOBandSet
                0x00000000       0xf4 build/em_cmu.o
 .text.CMU_HFRCOStartupDelayGet
                0x00000000       0x14 build/em_cmu.o
 .text.CMU_HFRCOStartupDelaySet
                0x00000000       0x40 build/em_cmu.o
 .text.CMU_HFXOInit
                0x00000000       0x68 build/em_cmu.o
 .text.CMU_LCDClkFDIVGet
                0x00000000       0x10 build/em_cmu.o
 .text.CMU_LFXOInit
                0x00000000       0xa0 build/em_cmu.o
 .text.CMU_OscillatorTuningGet
                0x00000000       0x5c build/em_cmu.o
 .text.CMU_OscillatorTuningSet
                0x00000000       0xb4 build/em_cmu.o
 .text.CMU_PCNTClockExternalGet
                0x00000000       0x54 build/em_cmu.o
 .text.CMU_PCNTClockExternalSet
                0x00000000       0x4c build/em_cmu.o
 .text          0x00000000        0x0 build/em_emu.o
 .data          0x00000000        0x0 build/em_emu.o
 .bss           0x00000000        0x0 build/em_emu.o
 .text.SystemCoreClockUpdate
                0x00000000        0xa build/em_emu.o
 .text.BUS_RegBitWrite
                0x00000000       0x24 build/em_emu.o
 .text.EMU_BUPinEnable
                0x00000000       0x24 build/em_emu.o
 .text.EMU_Unlock
                0x00000000       0x10 build/em_emu.o
 .text.CMU_Lock
                0x00000000       0x10 build/em_emu.o
 .text.CMU_Unlock
                0x00000000       0x14 build/em_emu.o
 .text.emuRestore
                0x00000000       0xf0 build/em_emu.o
 .text.getErrataFixEmuE107En
                0x00000000       0x6c build/em_emu.o
 .text.EMU_EnterEM2
                0x00000000       0xa4 build/em_emu.o
 .text.EMU_EnterEM3
                0x00000000       0xc8 build/em_emu.o
 .text.EMU_EnterEM4
                0x00000000       0x50 build/em_emu.o
 .rodata        0x00000000       0x1d build/em_emu.o
 .text.EMU_MemPwrDown
                0x00000000       0x2c build/em_emu.o
 .text.EMU_EM23Init
                0x00000000       0x2c build/em_emu.o
 .text.EMU_EM4Init
                0x00000000       0x48 build/em_emu.o
 .text.EMU_BUPDInit
                0x00000000       0xd4 build/em_emu.o
 .text.EMU_BUThresholdSet
                0x00000000       0x70 build/em_emu.o
 .text.EMU_BUThresRangeSet
                0x00000000       0x74 build/em_emu.o
 .text          0x00000000        0x0 build/em_gpio.o
 .data          0x00000000        0x0 build/em_gpio.o
 .bss           0x00000000        0x0 build/em_gpio.o
 .text.BUS_RegBitWrite
                0x00000000       0x24 build/em_gpio.o
 .text.BUS_RegMaskedWrite
                0x00000000       0x20 build/em_gpio.o
 .text.GPIO_EM4SetPinRetention
                0x00000000       0x3c build/em_gpio.o
 .rodata        0x00000000       0x3e build/em_gpio.o
 .text.GPIO_PinOutClear
                0x00000000       0xa8 build/em_gpio.o
 .text.GPIO_PinOutSet
                0x00000000       0xa8 build/em_gpio.o
 .text.GPIO_DbgLocationSet
                0x00000000       0x3c build/em_gpio.o
 .text.GPIO_DriveModeSet
                0x00000000       0x90 build/em_gpio.o
 .text.GPIO_ExtIntConfig
                0x00000000      0x124 build/em_gpio.o
 .text.GPIO_PinModeSet
                0x00000000      0x180 build/em_gpio.o
 .text.GPIO_PinModeGet
                0x00000000       0xe0 build/em_gpio.o
 .text.GPIO_EM4EnablePinWakeup
                0x00000000       0x84 build/em_gpio.o
 .comment       0x00000000       0x7f build/em_gpio.o
 .ARM.attributes
                0x00000000       0x33 build/em_gpio.o
 .text          0x00000000        0x0 build/em_rtc.o
 .data          0x00000000        0x0 build/em_rtc.o
 .bss           0x00000000        0x0 build/em_rtc.o
 .text.BUS_RegBitWrite
                0x00000000       0x24 build/em_rtc.o
 .rodata        0x00000000       0x1d build/em_rtc.o
 .text.RTC_CompareGet
                0x00000000       0x48 build/em_rtc.o
 .text.RTC_CompareSet
                0x00000000       0x50 build/em_rtc.o
 .text.RTC_Enable
                0x00000000       0x24 build/em_rtc.o
 .text.RTC_FreezeEnable
                0x00000000       0x28 build/em_rtc.o
 .text.RTC_Init
                0x00000000       0x48 build/em_rtc.o
 .text.RTC_Reset
                0x00000000       0x2c build/em_rtc.o
 .text.RTC_CounterReset
                0x00000000       0x12 build/em_rtc.o
 .comment       0x00000000       0x7f build/em_rtc.o
 .ARM.attributes
                0x00000000       0x33 build/em_rtc.o
 .text          0x00000000        0x0 build/em_system.o
 .data          0x00000000        0x0 build/em_system.o
 .bss           0x00000000        0x0 build/em_system.o
 .text.SYSTEM_GetCalibrationValue
                0x00000000       0x50 build/em_system.o
 .text          0x00000000        0x0 build/em_lcd.o
 .data          0x00000000        0x0 build/em_lcd.o
 .bss           0x00000000        0x0 build/em_lcd.o
 .text.LCD_AnimEnable
                0x00000000       0x34 build/em_lcd.o
 .text.LCD_FrameCountEnable
                0x00000000       0x34 build/em_lcd.o
 .text.LCD_UpdateCtrl
                0x00000000       0x24 build/em_lcd.o
 .text.LCD_FrameCountInit
                0x00000000       0x68 build/em_lcd.o
 .text.LCD_AnimInit
                0x00000000       0x9c build/em_lcd.o
 .text.LCD_ContrastSet
                0x00000000       0x3c build/em_lcd.o
 .text.LCD_BiasSegmentSet
                0x00000000      0x11c build/em_lcd.o
 .text.LCD_BiasComSet
                0x00000000       0x54 build/em_lcd.o
 .text          0x00000000        0x0 build/em_vcmp.o
 .data          0x00000000        0x0 build/em_vcmp.o
 .bss           0x00000000        0x0 build/em_vcmp.o
 .text.VCMP_Ready
                0x00000000       0x18 build/em_vcmp.o
 .text.VCMP_IntClear
                0x00000000       0x12 build/em_vcmp.o
 .rodata        0x00000000       0x1e build/em_vcmp.o
 .text.VCMP_Init
                0x00000000      0x1bc build/em_vcmp.o
 .text.VCMP_LowPowerRefSet
                0x00000000       0x38 build/em_vcmp.o
 .text.VCMP_TriggerSet
                0x00000000       0x3c build/em_vcmp.o
 .comment       0x00000000       0x7f build/em_vcmp.o
 .ARM.attributes
                0x00000000       0x33 build/em_vcmp.o
 .text          0x00000000        0x0 build/em_usart.o
 .data          0x00000000        0x0 build/em_usart.o
 .bss           0x00000000        0x0 build/em_usart.o
 .text.BUS_RegMaskedWrite
                0x00000000       0x20 build/em_usart.o
 .rodata        0x00000000       0x1f build/em_usart.o
 .text.USART_BaudrateAsyncSet
                0x00000000      0x134 build/em_usart.o
 .text.USART_BaudrateCalc
                0x00000000      0x134 build/em_usart.o
 .text.USART_BaudrateGet
                0x00000000       0x58 build/em_usart.o
 .text.USART_BaudrateSyncSet
                0x00000000       0xa0 build/em_usart.o
 .text.USART_Enable
                0x00000000       0x80 build/em_usart.o
 .text.USART_InitAsync
                0x00000000       0xc0 build/em_usart.o
 .text.USART_InitSync
                0x00000000       0xd8 build/em_usart.o
 .text.USARTn_InitIrDA
                0x00000000       0x88 build/em_usart.o
 .text.USART_InitI2s
                0x00000000       0xa8 build/em_usart.o
 .text.USART_InitPrsTrigger
                0x00000000       0x58 build/em_usart.o
 .text.USART_Reset
                0x00000000       0xb8 build/em_usart.o
 .text.USART_Rx
                0x00000000       0x1e build/em_usart.o
 .text.USART_RxDouble
                0x00000000       0x1e build/em_usart.o
 .text.USART_RxDoubleExt
                0x00000000       0x1c build/em_usart.o
 .text.USART_RxExt
                0x00000000       0x1e build/em_usart.o
 .text.USART_SpiTransfer
                0x00000000       0x3a build/em_usart.o
 .text.USART_Tx
                0x00000000       0x26 build/em_usart.o
 .text.USART_TxDouble
                0x00000000       0x26 build/em_usart.o
 .text.USART_TxDoubleExt
                0x00000000       0x20 build/em_usart.o
 .text.USART_TxExt
                0x00000000       0x26 build/em_usart.o
 .comment       0x00000000       0x7f build/em_usart.o
 .ARM.attributes
                0x00000000       0x33 build/em_usart.o
 .text          0x00000000        0x0 build/bsp_stk.o
 .data          0x00000000        0x0 build/bsp_stk.o
 .bss           0x00000000        0x0 build/bsp_stk.o
 .text.BSP_Disable
                0x00000000       0x10 build/bsp_stk.o
 .rodata        0x00000000       0x50 build/bsp_stk.o
 .text.BSP_EbiInit
                0x00000000      0x118 build/bsp_stk.o
 .text.BSP_EbiDeInit
                0x00000000        0x6 build/bsp_stk.o
 .text.BSP_Init
                0x00000000       0x1e build/bsp_stk.o
 .text.BSP_CurrentGet
                0x00000000       0x42 build/bsp_stk.o
 .text.BSP_VoltageGet
                0x00000000       0x42 build/bsp_stk.o
 .comment       0x00000000       0x7f build/bsp_stk.o
 .ARM.attributes
                0x00000000       0x33 build/bsp_stk.o
 .text          0x00000000        0x0 build/bsp_stk_leds.o
 .data          0x00000000        0x0 build/bsp_stk_leds.o
 .bss           0x00000000        0x0 build/bsp_stk_leds.o
 .text.BUS_RegBitRead
                0x00000000       0x20 build/bsp_stk_leds.o
 .rodata        0x00000000       0x1e build/bsp_stk_leds.o
 .text.GPIO_PinOutClear
                0x00000000       0xa8 build/bsp_stk_leds.o
 .text.GPIO_PinOutGet
                0x00000000       0xa4 build/bsp_stk_leds.o
 .text.GPIO_PinOutSet
                0x00000000       0xa8 build/bsp_stk_leds.o
 .text.GPIO_PinOutToggle
                0x00000000       0xa8 build/bsp_stk_leds.o
 .rodata.ledArray
                0x00000000       0x10 build/bsp_stk_leds.o
 .text.BSP_LedsInit
                0x00000000       0x58 build/bsp_stk_leds.o
 .text.BSP_LedsGet
                0x00000000       0x58 build/bsp_stk_leds.o
 .text.BSP_LedsSet
                0x00000000       0x6c build/bsp_stk_leds.o
 .text.BSP_LedClear
                0x00000000       0x40 build/bsp_stk_leds.o
 .text.BSP_LedGet
                0x00000000       0x44 build/bsp_stk_leds.o
 .text.BSP_LedSet
                0x00000000       0x40 build/bsp_stk_leds.o
 .text.BSP_LedToggle
                0x00000000       0x40 build/bsp_stk_leds.o
 .comment       0x00000000       0x7f build/bsp_stk_leds.o
 .ARM.attributes
                0x00000000       0x33 build/bsp_stk_leds.o
 .text          0x00000000        0x0 build/bsp_trace.o
 .data          0x00000000        0x0 build/bsp_trace.o
 .bss           0x00000000        0x0 build/bsp_trace.o
 .text.BSP_TraceSwoSetup
                0x00000000      0x114 build/bsp_trace.o
 .text.BSP_TraceProfilerSetup
                0x00000000       0x24 build/bsp_trace.o
 .comment       0x00000000       0x7f build/bsp_trace.o
 .ARM.attributes
                0x00000000       0x33 build/bsp_trace.o
 .text          0x00000000        0x0 build/init.o
 .data          0x00000000        0x0 build/init.o
 .bss           0x00000000        0x0 build/init.o
 .data          0x00000000        0x0 build/startup_efm32gg.o
 .bss           0x00000000        0x0 build/startup_efm32gg.o
 .group         0x00000000        0x8 build/o3.o
 .group         0x00000000        0x8 build/o3.o
 .group         0x00000000        0x8 build/o3.o
 .group         0x00000000        0x8 build/o3.o
 .group         0x00000000        0x8 build/o3.o
 .group         0x00000000        0x8 build/o3.o
 .group         0x00000000        0x8 build/o3.o
 .group         0x00000000        0x8 build/o3.o
 .group         0x00000000        0x8 build/o3.o
 .text          0x00000000        0x0 build/o3.o
 .data          0x00000000        0x0 build/o3.o
 .bss           0x00000000        0x0 build/o3.o
 .text          0x00000000      0x21c c:/siliconlabs/simplicitystudio/v3/developer/toolchains/gnu_arm/4.8_2013q4/bin/../lib/gcc/arm-none-eabi/4.8.3/armv7-m\libgcc.a(_arm_addsubsf3.o)
 .data          0x00000000        0x0 c:/siliconlabs/simplicitystudio/v3/developer/toolchains/gnu_arm/4.8_2013q4/bin/../lib/gcc/arm-none-eabi/4.8.3/armv7-m\libgcc.a(_arm_addsubsf3.o)
 .bss           0x00000000        0x0 c:/siliconlabs/simplicitystudio/v3/developer/toolchains/gnu_arm/4.8_2013q4/bin/../lib/gcc/arm-none-eabi/4.8.3/armv7-m\libgcc.a(_arm_addsubsf3.o)
 .ARM.attributes
                0x00000000       0x1d c:/siliconlabs/simplicitystudio/v3/developer/toolchains/gnu_arm/4.8_2013q4/bin/../lib/gcc/arm-none-eabi/4.8.3/armv7-m\libgcc.a(_arm_addsubsf3.o)
 .text          0x00000000      0x2a0 c:/siliconlabs/simplicitystudio/v3/developer/toolchains/gnu_arm/4.8_2013q4/bin/../lib/gcc/arm-none-eabi/4.8.3/armv7-m\libgcc.a(_arm_muldivsf3.o)
 .data          0x00000000        0x0 c:/siliconlabs/simplicitystudio/v3/developer/toolchains/gnu_arm/4.8_2013q4/bin/../lib/gcc/arm-none-eabi/4.8.3/armv7-m\libgcc.a(_arm_muldivsf3.o)
 .bss           0x00000000        0x0 c:/siliconlabs/simplicitystudio/v3/developer/toolchains/gnu_arm/4.8_2013q4/bin/../lib/gcc/arm-none-eabi/4.8.3/armv7-m\libgcc.a(_arm_muldivsf3.o)
 .ARM.attributes
                0x00000000       0x1d c:/siliconlabs/simplicitystudio/v3/developer/toolchains/gnu_arm/4.8_2013q4/bin/../lib/gcc/arm-none-eabi/4.8.3/armv7-m\libgcc.a(_arm_muldivsf3.o)
 .text          0x00000000       0x40 c:/siliconlabs/simplicitystudio/v3/developer/toolchains/gnu_arm/4.8_2013q4/bin/../lib/gcc/arm-none-eabi/4.8.3/armv7-m\libgcc.a(_arm_fixunssfsi.o)
 .data          0x00000000        0x0 c:/siliconlabs/simplicitystudio/v3/developer/toolchains/gnu_arm/4.8_2013q4/bin/../lib/gcc/arm-none-eabi/4.8.3/armv7-m\libgcc.a(_arm_fixunssfsi.o)
 .bss           0x00000000        0x0 c:/siliconlabs/simplicitystudio/v3/developer/toolchains/gnu_arm/4.8_2013q4/bin/../lib/gcc/arm-none-eabi/4.8.3/armv7-m\libgcc.a(_arm_fixunssfsi.o)
 .ARM.attributes
                0x00000000       0x1d c:/siliconlabs/simplicitystudio/v3/developer/toolchains/gnu_arm/4.8_2013q4/bin/../lib/gcc/arm-none-eabi/4.8.3/armv7-m\libgcc.a(_arm_fixunssfsi.o)
 .text          0x00000000       0x2c c:/siliconlabs/simplicitystudio/v3/developer/toolchains/gnu_arm/4.8_2013q4/bin/../lib/gcc/arm-none-eabi/4.8.3/armv7-m\libgcc.a(_aeabi_uldivmod.o)
 .data          0x00000000        0x0 c:/siliconlabs/simplicitystudio/v3/developer/toolchains/gnu_arm/4.8_2013q4/bin/../lib/gcc/arm-none-eabi/4.8.3/armv7-m\libgcc.a(_aeabi_uldivmod.o)
 .bss           0x00000000        0x0 c:/siliconlabs/simplicitystudio/v3/developer/toolchains/gnu_arm/4.8_2013q4/bin/../lib/gcc/arm-none-eabi/4.8.3/armv7-m\libgcc.a(_aeabi_uldivmod.o)
 .ARM.attributes
                0x00000000       0x1d c:/siliconlabs/simplicitystudio/v3/developer/toolchains/gnu_arm/4.8_2013q4/bin/../lib/gcc/arm-none-eabi/4.8.3/armv7-m\libgcc.a(_aeabi_uldivmod.o)
 .text          0x00000000       0x60 c:/siliconlabs/simplicitystudio/v3/developer/toolchains/gnu_arm/4.8_2013q4/bin/../lib/gcc/arm-none-eabi/4.8.3/armv7-m\libgcc.a(bpabi.o)
 .data          0x00000000        0x0 c:/siliconlabs/simplicitystudio/v3/developer/toolchains/gnu_arm/4.8_2013q4/bin/../lib/gcc/arm-none-eabi/4.8.3/armv7-m\libgcc.a(bpabi.o)
 .bss           0x00000000        0x0 c:/siliconlabs/simplicitystudio/v3/developer/toolchains/gnu_arm/4.8_2013q4/bin/../lib/gcc/arm-none-eabi/4.8.3/armv7-m\libgcc.a(bpabi.o)
 .ARM.attributes
                0x00000000       0x2d c:/siliconlabs/simplicitystudio/v3/developer/toolchains/gnu_arm/4.8_2013q4/bin/../lib/gcc/arm-none-eabi/4.8.3/armv7-m\libgcc.a(bpabi.o)
 .debug_frame   0x00000000       0x58 c:/siliconlabs/simplicitystudio/v3/developer/toolchains/gnu_arm/4.8_2013q4/bin/../lib/gcc/arm-none-eabi/4.8.3/armv7-m\libgcc.a(bpabi.o)
 .text          0x00000000        0x4 c:/siliconlabs/simplicitystudio/v3/developer/toolchains/gnu_arm/4.8_2013q4/bin/../lib/gcc/arm-none-eabi/4.8.3/armv7-m\libgcc.a(_dvmd_tls.o)
 .data          0x00000000        0x0 c:/siliconlabs/simplicitystudio/v3/developer/toolchains/gnu_arm/4.8_2013q4/bin/../lib/gcc/arm-none-eabi/4.8.3/armv7-m\libgcc.a(_dvmd_tls.o)
 .bss           0x00000000        0x0 c:/siliconlabs/simplicitystudio/v3/developer/toolchains/gnu_arm/4.8_2013q4/bin/../lib/gcc/arm-none-eabi/4.8.3/armv7-m\libgcc.a(_dvmd_tls.o)
 .ARM.attributes
                0x00000000       0x1d c:/siliconlabs/simplicitystudio/v3/developer/toolchains/gnu_arm/4.8_2013q4/bin/../lib/gcc/arm-none-eabi/4.8.3/armv7-m\libgcc.a(_dvmd_tls.o)
 .text          0x00000000      0x2a0 c:/siliconlabs/simplicitystudio/v3/developer/toolchains/gnu_arm/4.8_2013q4/bin/../lib/gcc/arm-none-eabi/4.8.3/armv7-m\libgcc.a(_divdi3.o)
 .data          0x00000000        0x0 c:/siliconlabs/simplicitystudio/v3/developer/toolchains/gnu_arm/4.8_2013q4/bin/../lib/gcc/arm-none-eabi/4.8.3/armv7-m\libgcc.a(_divdi3.o)
 .bss           0x00000000        0x0 c:/siliconlabs/simplicitystudio/v3/developer/toolchains/gnu_arm/4.8_2013q4/bin/../lib/gcc/arm-none-eabi/4.8.3/armv7-m\libgcc.a(_divdi3.o)
 .ARM.extab     0x00000000        0x0 c:/siliconlabs/simplicitystudio/v3/developer/toolchains/gnu_arm/4.8_2013q4/bin/../lib/gcc/arm-none-eabi/4.8.3/armv7-m\libgcc.a(_divdi3.o)
 .ARM.exidx     0x00000000        0x8 c:/siliconlabs/simplicitystudio/v3/developer/toolchains/gnu_arm/4.8_2013q4/bin/../lib/gcc/arm-none-eabi/4.8.3/armv7-m\libgcc.a(_divdi3.o)
 .ARM.attributes
                0x00000000       0x2d c:/siliconlabs/simplicitystudio/v3/developer/toolchains/gnu_arm/4.8_2013q4/bin/../lib/gcc/arm-none-eabi/4.8.3/armv7-m\libgcc.a(_divdi3.o)
 .debug_frame   0x00000000       0x34 c:/siliconlabs/simplicitystudio/v3/developer/toolchains/gnu_arm/4.8_2013q4/bin/../lib/gcc/arm-none-eabi/4.8.3/armv7-m\libgcc.a(_divdi3.o)
 .text          0x00000000      0x290 c:/siliconlabs/simplicitystudio/v3/developer/toolchains/gnu_arm/4.8_2013q4/bin/../lib/gcc/arm-none-eabi/4.8.3/armv7-m\libgcc.a(_udivdi3.o)
 .data          0x00000000        0x0 c:/siliconlabs/simplicitystudio/v3/developer/toolchains/gnu_arm/4.8_2013q4/bin/../lib/gcc/arm-none-eabi/4.8.3/armv7-m\libgcc.a(_udivdi3.o)
 .bss           0x00000000        0x0 c:/siliconlabs/simplicitystudio/v3/developer/toolchains/gnu_arm/4.8_2013q4/bin/../lib/gcc/arm-none-eabi/4.8.3/armv7-m\libgcc.a(_udivdi3.o)
 .ARM.extab     0x00000000        0x0 c:/siliconlabs/simplicitystudio/v3/developer/toolchains/gnu_arm/4.8_2013q4/bin/../lib/gcc/arm-none-eabi/4.8.3/armv7-m\libgcc.a(_udivdi3.o)
 .ARM.exidx     0x00000000        0x8 c:/siliconlabs/simplicitystudio/v3/developer/toolchains/gnu_arm/4.8_2013q4/bin/../lib/gcc/arm-none-eabi/4.8.3/armv7-m\libgcc.a(_udivdi3.o)
 .ARM.attributes
                0x00000000       0x2d c:/siliconlabs/simplicitystudio/v3/developer/toolchains/gnu_arm/4.8_2013q4/bin/../lib/gcc/arm-none-eabi/4.8.3/armv7-m\libgcc.a(_udivdi3.o)
 .debug_frame   0x00000000       0x34 c:/siliconlabs/simplicitystudio/v3/developer/toolchains/gnu_arm/4.8_2013q4/bin/../lib/gcc/arm-none-eabi/4.8.3/armv7-m\libgcc.a(_udivdi3.o)
 .text          0x00000000        0x0 c:/siliconlabs/simplicitystudio/v3/developer/toolchains/gnu_arm/4.8_2013q4/bin/../lib/gcc/arm-none-eabi/4.8.3/../../../../arm-none-eabi/lib/armv7-m\libc_s.a(lib_a-exit.o)
 .data          0x00000000        0x0 c:/siliconlabs/simplicitystudio/v3/developer/toolchains/gnu_arm/4.8_2013q4/bin/../lib/gcc/arm-none-eabi/4.8.3/../../../../arm-none-eabi/lib/armv7-m\libc_s.a(lib_a-exit.o)
 .bss           0x00000000        0x0 c:/siliconlabs/simplicitystudio/v3/developer/toolchains/gnu_arm/4.8_2013q4/bin/../lib/gcc/arm-none-eabi/4.8.3/../../../../arm-none-eabi/lib/armv7-m\libc_s.a(lib_a-exit.o)
 .text          0x00000000        0x0 c:/siliconlabs/simplicitystudio/v3/developer/toolchains/gnu_arm/4.8_2013q4/bin/../lib/gcc/arm-none-eabi/4.8.3/../../../../arm-none-eabi/lib/armv7-m\libc_s.a(lib_a-impure.o)
 .data          0x00000000        0x0 c:/siliconlabs/simplicitystudio/v3/developer/toolchains/gnu_arm/4.8_2013q4/bin/../lib/gcc/arm-none-eabi/4.8.3/../../../../arm-none-eabi/lib/armv7-m\libc_s.a(lib_a-impure.o)
 .bss           0x00000000        0x0 c:/siliconlabs/simplicitystudio/v3/developer/toolchains/gnu_arm/4.8_2013q4/bin/../lib/gcc/arm-none-eabi/4.8.3/../../../../arm-none-eabi/lib/armv7-m\libc_s.a(lib_a-impure.o)
 .data._impure_ptr
                0x00000000        0x4 c:/siliconlabs/simplicitystudio/v3/developer/toolchains/gnu_arm/4.8_2013q4/bin/../lib/gcc/arm-none-eabi/4.8.3/../../../../arm-none-eabi/lib/armv7-m\libc_s.a(lib_a-impure.o)
 .text          0x00000000        0x0 c:/siliconlabs/simplicitystudio/v3/developer/toolchains/gnu_arm/4.8_2013q4/bin/../lib/gcc/arm-none-eabi/4.8.3/../../../../arm-none-eabi/lib/armv7-m\libc_s.a(lib_a-init.o)
 .data          0x00000000        0x0 c:/siliconlabs/simplicitystudio/v3/developer/toolchains/gnu_arm/4.8_2013q4/bin/../lib/gcc/arm-none-eabi/4.8.3/../../../../arm-none-eabi/lib/armv7-m\libc_s.a(lib_a-init.o)
 .bss           0x00000000        0x0 c:/siliconlabs/simplicitystudio/v3/developer/toolchains/gnu_arm/4.8_2013q4/bin/../lib/gcc/arm-none-eabi/4.8.3/../../../../arm-none-eabi/lib/armv7-m\libc_s.a(lib_a-init.o)
 .text          0x00000000        0x0 c:/siliconlabs/simplicitystudio/v3/developer/toolchains/gnu_arm/4.8_2013q4/bin/../lib/gcc/arm-none-eabi/4.8.3/../../../../arm-none-eabi/lib/armv7-m\libc_s.a(lib_a-memcpy-stub.o)
 .data          0x00000000        0x0 c:/siliconlabs/simplicitystudio/v3/developer/toolchains/gnu_arm/4.8_2013q4/bin/../lib/gcc/arm-none-eabi/4.8.3/../../../../arm-none-eabi/lib/armv7-m\libc_s.a(lib_a-memcpy-stub.o)
 .bss           0x00000000        0x0 c:/siliconlabs/simplicitystudio/v3/developer/toolchains/gnu_arm/4.8_2013q4/bin/../lib/gcc/arm-none-eabi/4.8.3/../../../../arm-none-eabi/lib/armv7-m\libc_s.a(lib_a-memcpy-stub.o)
 .text.memcpy   0x00000000       0x12 c:/siliconlabs/simplicitystudio/v3/developer/toolchains/gnu_arm/4.8_2013q4/bin/../lib/gcc/arm-none-eabi/4.8.3/../../../../arm-none-eabi/lib/armv7-m\libc_s.a(lib_a-memcpy-stub.o)
 .ARM.attributes
                0x00000000       0x2d c:/siliconlabs/simplicitystudio/v3/developer/toolchains/gnu_arm/4.8_2013q4/bin/../lib/gcc/arm-none-eabi/4.8.3/../../../../arm-none-eabi/lib/armv7-m\libc_s.a(lib_a-memcpy-stub.o)
 .debug_frame   0x00000000       0x28 c:/siliconlabs/simplicitystudio/v3/developer/toolchains/gnu_arm/4.8_2013q4/bin/../lib/gcc/arm-none-eabi/4.8.3/../../../../arm-none-eabi/lib/armv7-m\libc_s.a(lib_a-memcpy-stub.o)
 .text          0x00000000        0x0 c:/siliconlabs/simplicitystudio/v3/developer/toolchains/gnu_arm/4.8_2013q4/bin/../lib/gcc/arm-none-eabi/4.8.3/../../../../arm-none-eabi/lib/armv7-m\libc_s.a(lib_a-memset.o)
 .data          0x00000000        0x0 c:/siliconlabs/simplicitystudio/v3/developer/toolchains/gnu_arm/4.8_2013q4/bin/../lib/gcc/arm-none-eabi/4.8.3/../../../../arm-none-eabi/lib/armv7-m\libc_s.a(lib_a-memset.o)
 .bss           0x00000000        0x0 c:/siliconlabs/simplicitystudio/v3/developer/toolchains/gnu_arm/4.8_2013q4/bin/../lib/gcc/arm-none-eabi/4.8.3/../../../../arm-none-eabi/lib/armv7-m\libc_s.a(lib_a-memset.o)
 .text          0x00000000        0x0 c:/siliconlabs/simplicitystudio/v3/developer/toolchains/gnu_arm/4.8_2013q4/bin/../lib/gcc/arm-none-eabi/4.8.3/../../../../arm-none-eabi/lib/armv7-m\libc_s.a(lib_a-strlen.o)
 .data          0x00000000        0x0 c:/siliconlabs/simplicitystudio/v3/developer/toolchains/gnu_arm/4.8_2013q4/bin/../lib/gcc/arm-none-eabi/4.8.3/../../../../arm-none-eabi/lib/armv7-m\libc_s.a(lib_a-strlen.o)
 .bss           0x00000000        0x0 c:/siliconlabs/simplicitystudio/v3/developer/toolchains/gnu_arm/4.8_2013q4/bin/../lib/gcc/arm-none-eabi/4.8.3/../../../../arm-none-eabi/lib/armv7-m\libc_s.a(lib_a-strlen.o)
 .text          0x00000000        0x0 c:/siliconlabs/simplicitystudio/v3/developer/toolchains/gnu_arm/4.8_2013q4/bin/../lib/gcc/arm-none-eabi/4.8.3/../../../../arm-none-eabi/lib/armv7-m\libnosys.a(_exit.o)
 .data          0x00000000        0x0 c:/siliconlabs/simplicitystudio/v3/developer/toolchains/gnu_arm/4.8_2013q4/bin/../lib/gcc/arm-none-eabi/4.8.3/../../../../arm-none-eabi/lib/armv7-m\libnosys.a(_exit.o)
 .bss           0x00000000        0x0 c:/siliconlabs/simplicitystudio/v3/developer/toolchains/gnu_arm/4.8_2013q4/bin/../lib/gcc/arm-none-eabi/4.8.3/../../../../arm-none-eabi/lib/armv7-m\libnosys.a(_exit.o)
 .text          0x00000000        0x0 c:/siliconlabs/simplicitystudio/v3/developer/toolchains/gnu_arm/4.8_2013q4/bin/../lib/gcc/arm-none-eabi/4.8.3/armv7-m/crtend.o
 .data          0x00000000        0x0 c:/siliconlabs/simplicitystudio/v3/developer/toolchains/gnu_arm/4.8_2013q4/bin/../lib/gcc/arm-none-eabi/4.8.3/armv7-m/crtend.o
 .bss           0x00000000        0x0 c:/siliconlabs/simplicitystudio/v3/developer/toolchains/gnu_arm/4.8_2013q4/bin/../lib/gcc/arm-none-eabi/4.8.3/armv7-m/crtend.o
 .text          0x00000000        0x0 c:/siliconlabs/simplicitystudio/v3/developer/toolchains/gnu_arm/4.8_2013q4/bin/../lib/gcc/arm-none-eabi/4.8.3/armv7-m/crtn.o
 .data          0x00000000        0x0 c:/siliconlabs/simplicitystudio/v3/developer/toolchains/gnu_arm/4.8_2013q4/bin/../lib/gcc/arm-none-eabi/4.8.3/armv7-m/crtn.o
 .bss           0x00000000        0x0 c:/siliconlabs/simplicitystudio/v3/developer/toolchains/gnu_arm/4.8_2013q4/bin/../lib/gcc/arm-none-eabi/4.8.3/armv7-m/crtn.o

Memory Configuration

Name             Origin             Length             Attributes
FLASH            0x00000000         0x00100000         xr
RAM              0x20000000         0x00020000         xrw
*default*        0x00000000         0xffffffff

Linker script and memory map

LOAD c:/siliconlabs/simplicitystudio/v3/developer/toolchains/gnu_arm/4.8_2013q4/bin/../lib/gcc/arm-none-eabi/4.8.3/armv7-m/crti.o
LOAD c:/siliconlabs/simplicitystudio/v3/developer/toolchains/gnu_arm/4.8_2013q4/bin/../lib/gcc/arm-none-eabi/4.8.3/armv7-m/crtbegin.o
LOAD c:/siliconlabs/simplicitystudio/v3/developer/toolchains/gnu_arm/4.8_2013q4/bin/../lib/gcc/arm-none-eabi/4.8.3/../../../../arm-none-eabi/lib/armv7-m/crt0.o
LOAD build/system_efm32gg.o
LOAD build/vddcheck.o
LOAD build/segmentlcd.o
LOAD build/em_assert.o
LOAD build/em_cmu.o
LOAD build/em_emu.o
LOAD build/em_gpio.o
LOAD build/em_rtc.o
LOAD build/em_system.o
LOAD build/em_lcd.o
LOAD build/em_vcmp.o
LOAD build/em_usart.o
LOAD build/bsp_stk.o
LOAD build/bsp_stk_leds.o
LOAD build/bsp_trace.o
LOAD build/init.o
LOAD build/startup_efm32gg.o
LOAD build/o3.o
START GROUP
LOAD c:/siliconlabs/simplicitystudio/v3/developer/toolchains/gnu_arm/4.8_2013q4/bin/../lib/gcc/arm-none-eabi/4.8.3/armv7-m\libgcc.a
LOAD c:/siliconlabs/simplicitystudio/v3/developer/toolchains/gnu_arm/4.8_2013q4/bin/../lib/gcc/arm-none-eabi/4.8.3/../../../../arm-none-eabi/lib/armv7-m\libc_s.a
LOAD c:/siliconlabs/simplicitystudio/v3/developer/toolchains/gnu_arm/4.8_2013q4/bin/../lib/gcc/arm-none-eabi/4.8.3/../../../../arm-none-eabi/lib/armv7-m\libnosys.a
END GROUP
START GROUP
LOAD c:/siliconlabs/simplicitystudio/v3/developer/toolchains/gnu_arm/4.8_2013q4/bin/../lib/gcc/arm-none-eabi/4.8.3/armv7-m\libgcc.a
LOAD c:/siliconlabs/simplicitystudio/v3/developer/toolchains/gnu_arm/4.8_2013q4/bin/../lib/gcc/arm-none-eabi/4.8.3/../../../../arm-none-eabi/lib/armv7-m\libc_s.a
END GROUP
START GROUP
LOAD c:/siliconlabs/simplicitystudio/v3/developer/toolchains/gnu_arm/4.8_2013q4/bin/../lib/gcc/arm-none-eabi/4.8.3/armv7-m\libgcc.a
LOAD c:/siliconlabs/simplicitystudio/v3/developer/toolchains/gnu_arm/4.8_2013q4/bin/../lib/gcc/arm-none-eabi/4.8.3/../../../../arm-none-eabi/lib/armv7-m\libc_s.a
END GROUP
LOAD c:/siliconlabs/simplicitystudio/v3/developer/toolchains/gnu_arm/4.8_2013q4/bin/../lib/gcc/arm-none-eabi/4.8.3/armv7-m/crtend.o
LOAD c:/siliconlabs/simplicitystudio/v3/developer/toolchains/gnu_arm/4.8_2013q4/bin/../lib/gcc/arm-none-eabi/4.8.3/armv7-m/crtn.o

.text           0x00000000     0x28c8
 *(.vectors)
 .vectors       0x00000000       0xdc build/startup_efm32gg.o
                0x00000000                __Vectors
                0x000000dc                __Vectors_End = .
                0x000000dc                __Vectors_Size = (__Vectors_End - __Vectors)
                0x000000dc                __end__ = .
 *(.text*)
 .text          0x000000dc       0x54 c:/siliconlabs/simplicitystudio/v3/developer/toolchains/gnu_arm/4.8_2013q4/bin/../lib/gcc/arm-none-eabi/4.8.3/armv7-m/crtbegin.o
 .text          0x00000130       0x74 c:/siliconlabs/simplicitystudio/v3/developer/toolchains/gnu_arm/4.8_2013q4/bin/../lib/gcc/arm-none-eabi/4.8.3/../../../../arm-none-eabi/lib/armv7-m/crt0.o
                0x00000130                _start
                0x00000130                _mainCRTStartup
 .text.GetProdRev
                0x000001a4       0x10 build/system_efm32gg.o
 .text.SystemCoreClockGet
                0x000001b4       0x34 build/system_efm32gg.o
                0x000001b4                SystemCoreClockGet
 .text.SystemMaxCoreClockGet
                0x000001e8        0xc build/system_efm32gg.o
                0x000001e8                SystemMaxCoreClockGet
 .text.SystemHFClockGet
                0x000001f4      0x100 build/system_efm32gg.o
                0x000001f4                SystemHFClockGet
 .text.SystemHFXOClockGet
                0x000002f4        0xc build/system_efm32gg.o
                0x000002f4                SystemHFXOClockGet
 .text.SystemInit
                0x00000300        0x4 build/system_efm32gg.o
                0x00000300                SystemInit
 .text.SystemLFRCOClockGet
                0x00000304        0x8 build/system_efm32gg.o
                0x00000304                SystemLFRCOClockGet
 .text.SystemULFRCOClockGet
                0x0000030c        0x8 build/system_efm32gg.o
                0x0000030c                SystemULFRCOClockGet
 .text.SystemLFXOClockGet
                0x00000314        0xc build/system_efm32gg.o
                0x00000314                SystemLFXOClockGet
 .text.LCD_FreezeEnable
                0x00000320       0x28 build/segmentlcd.o
 .text.LCD_SyncBusyDelay
                0x00000348       0x1c build/segmentlcd.o
 .text.LCD_IntDisable
                0x00000364       0x1c build/segmentlcd.o
 .text.SegmentLCD_AllOff
                0x00000380       0xac build/segmentlcd.o
                0x00000380                SegmentLCD_AllOff
 .text.SegmentLCD_AlphaNumberOff
                0x0000042c       0xa8 build/segmentlcd.o
                0x0000042c                SegmentLCD_AlphaNumberOff
 .text.SegmentLCD_Init
                0x000004d4       0xbc build/segmentlcd.o
                0x000004d4                SegmentLCD_Init
 .text.SegmentLCD_Write
                0x00000590       0xd8 build/segmentlcd.o
                0x00000590                SegmentLCD_Write
 .text.assertEFM
                0x00000668        0x8 build/em_assert.o
                0x00000668                assertEFM
 .text.BUS_RegBitWrite
                0x00000670       0x24 build/em_cmu.o
 .text.BUS_RegBitRead
                0x00000694       0x20 build/em_cmu.o
 .text.CMU_DivToLog2
                0x000006b4       0x38 build/em_cmu.o
 .text.SYSTEM_GetProdRev
                0x000006ec       0x10 build/em_cmu.o
 .text.SYSTEM_GetFamily
                0x000006fc       0x10 build/em_cmu.o
 .text.maxFreqHfle
                0x0000070c       0x90 build/em_cmu.o
 .text.setHfLeConfig
                0x0000079c       0x3c build/em_cmu.o
 .text.getHfLeConfig
                0x000007d8       0x40 build/em_cmu.o
 .text.auxClkGet
                0x00000818       0xbc build/em_cmu.o
 .text.dbgClkGet
                0x000008d4       0x50 build/em_cmu.o
 .text.flashWaitStateControl
                0x00000924       0xbc build/em_cmu.o
 .text.flashWaitStateMax
                0x000009e0       0x12 build/em_cmu.o
 *fill*         0x000009f2        0x2 
 .text.lfClkGet
                0x000009f4      0x10c build/em_cmu.o
 .text.syncReg  0x00000b00       0x2c build/em_cmu.o
 .text.usbCClkGet
                0x00000b2c       0x4c build/em_cmu.o
 .text.CMU_ClockDivSet
                0x00000b78      0x2c8 build/em_cmu.o
                0x00000b78                CMU_ClockDivSet
 .text.CMU_ClockEnable
                0x00000e40       0xe4 build/em_cmu.o
                0x00000e40                CMU_ClockEnable
 .text.CMU_ClockFreqGet
                0x00000f24      0x1e0 build/em_cmu.o
                0x00000f24                CMU_ClockFreqGet
 .text.CMU_ClockSelectGet
                0x00001104      0x190 build/em_cmu.o
                0x00001104                CMU_ClockSelectGet
 .text.CMU_ClockSelectSet
                0x00001294      0x308 build/em_cmu.o
                0x00001294                CMU_ClockSelectSet
 .text.CMU_LCDClkFDIVSet
                0x0000159c       0x4c build/em_cmu.o
                0x0000159c                CMU_LCDClkFDIVSet
 .text.CMU_OscillatorEnable
                0x000015e8       0xd4 build/em_cmu.o
                0x000015e8                CMU_OscillatorEnable
 .text.EMU_UpdateOscConfig
                0x000016bc       0x14 build/em_emu.o
                0x000016bc                EMU_UpdateOscConfig
 .text.SYSTEM_ChipRevisionGet
                0x000016d0       0x90 build/em_system.o
                0x000016d0                SYSTEM_ChipRevisionGet
 .text.LCD_Enable
                0x00001760       0x34 build/em_lcd.o
 .text.BUS_RegBitWrite
                0x00001794       0x24 build/em_lcd.o
 .text.LCD_Init
                0x000017b8       0x88 build/em_lcd.o
                0x000017b8                LCD_Init
 .text.LCD_VLCDSelect
                0x00001840       0x3c build/em_lcd.o
                0x00001840                LCD_VLCDSelect
 .text.LCD_SegmentRangeEnable
                0x0000187c       0x44 build/em_lcd.o
                0x0000187c                LCD_SegmentRangeEnable
 .text.LCD_SegmentSet
                0x000018c0      0x214 build/em_lcd.o
                0x000018c0                LCD_SegmentSet
 .text.LCD_SegmentSetLow
                0x00001ad4      0x194 build/em_lcd.o
                0x00001ad4                LCD_SegmentSetLow
 .text.LCD_SegmentSetHigh
                0x00001c68      0x18c build/em_lcd.o
                0x00001c68                LCD_SegmentSetHigh
 .text.LCD_VBoostSet
                0x00001df4       0x20 build/em_lcd.o
                0x00001df4                LCD_VBoostSet
 .text.NVIC_EnableIRQ
                0x00001e14       0x2c build/init.o
 .text.CHIP_Init
                0x00001e40       0x44 build/init.o
 .text.lcd_write
                0x00001e84       0x14 build/init.o
                0x00001e84                lcd_write
 .text.init     0x00001e98       0x28 build/init.o
                0x00001e98                init
 .text          0x00001ec0       0x30 build/startup_efm32gg.o
                0x00001ec0                Reset_Handler
                0x00001eec                DebugMon_Handler
                0x00001eec                USART0_TX_IRQHandler
                0x00001eec                I2C0_IRQHandler
                0x00001eec                HardFault_Handler
                0x00001eec                LEUART1_IRQHandler
                0x00001eec                USART1_RX_IRQHandler
                0x00001eec                PendSV_Handler
                0x00001eec                NMI_Handler
                0x00001eec                I2C1_IRQHandler
                0x00001eec                TIMER3_IRQHandler
                0x00001eec                USART1_TX_IRQHandler
                0x00001eec                MSC_IRQHandler
                0x00001eec                ADC0_IRQHandler
                0x00001eec                UsageFault_Handler
                0x00001eec                LEUART0_IRQHandler
                0x00001eec                UART0_TX_IRQHandler
                0x00001eec                UART1_TX_IRQHandler
                0x00001eec                RTC_IRQHandler
                0x00001eec                TIMER0_IRQHandler
                0x00001eec                TIMER2_IRQHandler
                0x00001eec                LCD_IRQHandler
                0x00001eec                PCNT2_IRQHandler
                0x00001eec                UART0_RX_IRQHandler
                0x00001eec                LETIMER0_IRQHandler
                0x00001eec                TIMER1_IRQHandler
                0x00001eec                USART2_RX_IRQHandler
                0x00001eec                Default_Handler
                0x00001eec                EMU_IRQHandler
                0x00001eec                PCNT0_IRQHandler
                0x00001eec                USB_IRQHandler
                0x00001eec                BURTC_IRQHandler
                0x00001eec                PCNT1_IRQHandler
                0x00001eec                ACMP0_IRQHandler
                0x00001eec                USART0_RX_IRQHandler
                0x00001eec                MemManage_Handler
                0x00001eec                SVC_Handler
                0x00001eec                DAC0_IRQHandler
                0x00001eec                UART1_RX_IRQHandler
                0x00001eec                CMU_IRQHandler
                0x00001eec                EBI_IRQHandler
                0x00001eec                LESENSE_IRQHandler
                0x00001eec                AES_IRQHandler
                0x00001eec                VCMP_IRQHandler
                0x00001eec                DMA_IRQHandler
                0x00001eec                BusFault_Handler
                0x00001eec                USART2_TX_IRQHandler
 .text.int_to_string
                0x00001ef0       0x64 build/o3.o
                0x00001ef0                int_to_string
 .text.time_to_string
                0x00001f54       0x68 build/o3.o
                0x00001f54                time_to_string
 .text.main     0x00001fbc       0x88 build/o3.o
                0x00001fbc                main
 .text.GPIO_ODD_IRQHandler
                0x00002044       0x40 build/o3.o
                0x00002044                GPIO_ODD_IRQHandler
 .text.GPIO_EVEN_IRQHandler
                0x00002084       0x40 build/o3.o
                0x00002084                GPIO_EVEN_IRQHandler
 .text.init_systick
                0x000020c4       0x24 build/o3.o
                0x000020c4                init_systick
 .text.enable_systick
                0x000020e8       0x18 build/o3.o
                0x000020e8                enable_systick
 .text.disable_systick
                0x00002100       0x18 build/o3.o
                0x00002100                disable_systick
 .text.SysTick_Handler
                0x00002118       0x28 build/o3.o
                0x00002118                SysTick_Handler
 .text.set_sec_func
                0x00002140       0x5c build/o3.o
                0x00002140                set_sec_func
 .text.set_min_func
                0x0000219c       0x5c build/o3.o
                0x0000219c                set_min_func
 .text.set_hour_func
                0x000021f8       0x64 build/o3.o
                0x000021f8                set_hour_func
 .text.count_func
                0x0000225c       0x4c build/o3.o
                0x0000225c                count_func
 .text.alarm_func
                0x000022a8       0x68 build/o3.o
                0x000022a8                alarm_func
 .text.toggle_led
                0x00002310       0x48 build/o3.o
                0x00002310                toggle_led
 .text.reduce_timestamp
                0x00002358       0x50 build/o3.o
                0x00002358                reduce_timestamp
 .text.zero_time
                0x000023a8       0x28 build/o3.o
                0x000023a8                zero_time
 .text.set_up_gpio
                0x000023d0       0xe8 build/o3.o
                0x000023d0                set_up_gpio
 .text.exit     0x000024b8       0x28 c:/siliconlabs/simplicitystudio/v3/developer/toolchains/gnu_arm/4.8_2013q4/bin/../lib/gcc/arm-none-eabi/4.8.3/../../../../arm-none-eabi/lib/armv7-m\libc_s.a(lib_a-exit.o)
                0x000024b8                exit
 .text.__libc_init_array
                0x000024e0       0x4c c:/siliconlabs/simplicitystudio/v3/developer/toolchains/gnu_arm/4.8_2013q4/bin/../lib/gcc/arm-none-eabi/4.8.3/../../../../arm-none-eabi/lib/armv7-m\libc_s.a(lib_a-init.o)
                0x000024e0                __libc_init_array
 .text.memset   0x0000252c       0x10 c:/siliconlabs/simplicitystudio/v3/developer/toolchains/gnu_arm/4.8_2013q4/bin/../lib/gcc/arm-none-eabi/4.8.3/../../../../arm-none-eabi/lib/armv7-m\libc_s.a(lib_a-memset.o)
                0x0000252c                memset
 .text.strlen   0x0000253c       0x10 c:/siliconlabs/simplicitystudio/v3/developer/toolchains/gnu_arm/4.8_2013q4/bin/../lib/gcc/arm-none-eabi/4.8.3/../../../../arm-none-eabi/lib/armv7-m\libc_s.a(lib_a-strlen.o)
                0x0000253c                strlen
 .text._exit    0x0000254c        0x4 c:/siliconlabs/simplicitystudio/v3/developer/toolchains/gnu_arm/4.8_2013q4/bin/../lib/gcc/arm-none-eabi/4.8.3/../../../../arm-none-eabi/lib/armv7-m\libnosys.a(_exit.o)
                0x0000254c                _exit
 *(.init)
 .init          0x00002550        0x4 c:/siliconlabs/simplicitystudio/v3/developer/toolchains/gnu_arm/4.8_2013q4/bin/../lib/gcc/arm-none-eabi/4.8.3/armv7-m/crti.o
                0x00002550                _init
 .init          0x00002554        0x8 c:/siliconlabs/simplicitystudio/v3/developer/toolchains/gnu_arm/4.8_2013q4/bin/../lib/gcc/arm-none-eabi/4.8.3/armv7-m/crtn.o
 *(.fini)
 .fini          0x0000255c        0x4 c:/siliconlabs/simplicitystudio/v3/developer/toolchains/gnu_arm/4.8_2013q4/bin/../lib/gcc/arm-none-eabi/4.8.3/armv7-m/crti.o
                0x0000255c                _fini
 .fini          0x00002560        0x8 c:/siliconlabs/simplicitystudio/v3/developer/toolchains/gnu_arm/4.8_2013q4/bin/../lib/gcc/arm-none-eabi/4.8.3/armv7-m/crtn.o
 *crtbegin.o(.ctors)
 *crtbegin?.o(.ctors)
 *(EXCLUDE_FILE(*crtend.o *crtend?.o) .ctors)
 *(SORT(.ctors.*))
 *(.ctors)
 *crtbegin.o(.dtors)
 *crtbegin?.o(.dtors)
 *(EXCLUDE_FILE(*crtend.o *crtend?.o) .dtors)
 *(SORT(.dtors.*))
 *(.dtors)
 *(.rodata*)
 .rodata.EFM_Display
                0x00002568      0x1fe build/segmentlcd.o
 *fill*         0x00002766        0x2 
 .rodata.EFM_Alphabet
                0x00002768       0xb8 build/segmentlcd.o
 .rodata.lcdInit
                0x00002820       0x14 build/segmentlcd.o
 .rodata        0x00002834       0x3d build/em_cmu.o
 *fill*         0x00002871        0x3 
 .rodata        0x00002874       0x20 build/em_system.o
 .rodata        0x00002894       0x1d build/em_lcd.o
 *fill*         0x000028b1        0x3 
 .rodata        0x000028b4        0x8 build/o3.o
 .rodata.str1.1
                0x000028bc        0x2 c:/siliconlabs/simplicitystudio/v3/developer/toolchains/gnu_arm/4.8_2013q4/bin/../lib/gcc/arm-none-eabi/4.8.3/../../../../arm-none-eabi/lib/armv7-m\libc_s.a(lib_a-impure.o)
 *fill*         0x000028be        0x2 
 .rodata._global_impure_ptr
                0x000028c0        0x4 c:/siliconlabs/simplicitystudio/v3/developer/toolchains/gnu_arm/4.8_2013q4/bin/../lib/gcc/arm-none-eabi/4.8.3/../../../../arm-none-eabi/lib/armv7-m\libc_s.a(lib_a-impure.o)
                0x000028c0                _global_impure_ptr
 *(.eh_frame*)
 .eh_frame      0x000028c4        0x0 c:/siliconlabs/simplicitystudio/v3/developer/toolchains/gnu_arm/4.8_2013q4/bin/../lib/gcc/arm-none-eabi/4.8.3/armv7-m/crtbegin.o
 .eh_frame      0x000028c4        0x4 c:/siliconlabs/simplicitystudio/v3/developer/toolchains/gnu_arm/4.8_2013q4/bin/../lib/gcc/arm-none-eabi/4.8.3/armv7-m/crtend.o

.glue_7         0x000028c8        0x0
 .glue_7        0x00000000        0x0 linker stubs

.glue_7t        0x000028c8        0x0
 .glue_7t       0x00000000        0x0 linker stubs

.vfp11_veneer   0x000028c8        0x0
 .vfp11_veneer  0x00000000        0x0 linker stubs

.v4_bx          0x000028c8        0x0
 .v4_bx         0x00000000        0x0 linker stubs

.iplt           0x000028c8        0x0
 .iplt          0x00000000        0x0 c:/siliconlabs/simplicitystudio/v3/developer/toolchains/gnu_arm/4.8_2013q4/bin/../lib/gcc/arm-none-eabi/4.8.3/armv7-m/crtbegin.o

.ARM.extab
 *(.ARM.extab* .gnu.linkonce.armextab.*)
                0x000028c8                __exidx_start = .

.ARM.exidx      0x000028c8        0x8
 *(.ARM.exidx* .gnu.linkonce.armexidx.*)
 .ARM.exidx     0x000028c8        0x8 c:/siliconlabs/simplicitystudio/v3/developer/toolchains/gnu_arm/4.8_2013q4/bin/../lib/gcc/arm-none-eabi/4.8.3/../../../../arm-none-eabi/lib/armv7-m/crt0.o
                0x000028d0                __exidx_end = .
                0x000028d0                __etext = .

.rel.dyn        0x000028d0        0x0
 .rel.iplt      0x00000000        0x0 c:/siliconlabs/simplicitystudio/v3/developer/toolchains/gnu_arm/4.8_2013q4/bin/../lib/gcc/arm-none-eabi/4.8.3/armv7-m/crtbegin.o

.data           0x20000000       0x9c load address 0x000028d0
                0x20000000                __data_start__ = .
 *(vtable)
 *(.data*)
 .data.SystemHFXOClock
                0x20000000        0x4 build/system_efm32gg.o
 .data.SystemLFXOClock
                0x20000004        0x4 build/system_efm32gg.o
 .data.gpio_m   0x20000008        0x4 build/o3.o
                0x20000008                gpio_m
 .data.systick_m
                0x2000000c        0x4 build/o3.o
                0x2000000c                systick_m
 .data.led0     0x20000010        0x8 build/o3.o
                0x20000010                led0
 .data.state_function_array
                0x20000018       0x14 build/o3.o
                0x20000018                state_function_array
 .data.state_function
                0x2000002c        0x4 build/o3.o
                0x2000002c                state_function
 .data.impure_data
                0x20000030       0x60 c:/siliconlabs/simplicitystudio/v3/developer/toolchains/gnu_arm/4.8_2013q4/bin/../lib/gcc/arm-none-eabi/4.8.3/../../../../arm-none-eabi/lib/armv7-m\libc_s.a(lib_a-impure.o)
                0x20000090                . = ALIGN (0x4)
 *(.ram)
                0x20000090                . = ALIGN (0x4)
                0x20000090                PROVIDE (__preinit_array_start, .)
 *(.preinit_array)
                0x20000090                PROVIDE (__preinit_array_end, .)
                0x20000090                . = ALIGN (0x4)
                0x20000090                PROVIDE (__init_array_start, .)
 *(SORT(.init_array.*))
 *(.init_array)
 .init_array    0x20000090        0x4 c:/siliconlabs/simplicitystudio/v3/developer/toolchains/gnu_arm/4.8_2013q4/bin/../lib/gcc/arm-none-eabi/4.8.3/armv7-m/crtbegin.o
                0x20000094                PROVIDE (__init_array_end, .)
                0x20000094                . = ALIGN (0x4)
                0x20000094                PROVIDE (__fini_array_start, .)
 *(SORT(.fini_array.*))
 *(.fini_array)
 .fini_array    0x20000094        0x4 c:/siliconlabs/simplicitystudio/v3/developer/toolchains/gnu_arm/4.8_2013q4/bin/../lib/gcc/arm-none-eabi/4.8.3/armv7-m/crtbegin.o
                0x20000098                PROVIDE (__fini_array_end, .)
 *(.jcr*)
 .jcr           0x20000098        0x0 c:/siliconlabs/simplicitystudio/v3/developer/toolchains/gnu_arm/4.8_2013q4/bin/../lib/gcc/arm-none-eabi/4.8.3/armv7-m/crtbegin.o
 .jcr           0x20000098        0x4 c:/siliconlabs/simplicitystudio/v3/developer/toolchains/gnu_arm/4.8_2013q4/bin/../lib/gcc/arm-none-eabi/4.8.3/armv7-m/crtend.o
                0x2000009c                . = ALIGN (0x4)
                0x2000009c                __data_end__ = .

.igot.plt       0x2000009c        0x0 load address 0x0000296c
 .igot.plt      0x00000000        0x0 c:/siliconlabs/simplicitystudio/v3/developer/toolchains/gnu_arm/4.8_2013q4/bin/../lib/gcc/arm-none-eabi/4.8.3/armv7-m/crtbegin.o

.bss            0x2000009c       0x3c load address 0x0000296c
                0x2000009c                . = ALIGN (0x4)
                0x2000009c                __bss_start__ = .
 *(.bss*)
 .bss           0x2000009c       0x1c c:/siliconlabs/simplicitystudio/v3/developer/toolchains/gnu_arm/4.8_2013q4/bin/../lib/gcc/arm-none-eabi/4.8.3/armv7-m/crtbegin.o
 .bss.cmuStatus
                0x200000b8        0x4 build/em_emu.o
 .bss.FLAGS     0x200000bc        0x1 build/o3.o
                0x200000bc                FLAGS
 .bss._current_state
                0x200000bd        0x1 build/o3.o
                0x200000bd                _current_state
 *fill*         0x200000be        0x2 
 .bss._timestamp
                0x200000c0        0xc build/o3.o
 .bss.time_string
                0x200000cc        0x8 build/o3.o
                0x200000cc                time_string
 *(COMMON)
 COMMON         0x200000d4        0x4 build/system_efm32gg.o
                0x200000d4                SystemCoreClock
                0x200000d8                . = ALIGN (0x4)
                0x200000d8                __bss_end__ = .

.heap           0x200000d8      0xc00
                0x200000d8                __HeapBase = .
                0x200000d8                __end__ = .
                0x200000d8                end = __end__
                0x200000d8                _end = __end__
 *(.heap*)
 .heap          0x200000d8      0xc00 build/startup_efm32gg.o
                0x20000cd8                __HeapLimit = .

.stack_dummy    0x200000d8      0x400
 *(.stack*)
 .stack         0x200000d8      0x400 build/startup_efm32gg.o
                0x20020000                __StackTop = (ORIGIN (RAM) + 0x20000)
                0x2001fc00                __StackLimit = (__StackTop - SIZEOF (.stack_dummy))
                0x20020000                PROVIDE (__stack, __StackTop)
                0x00000001                ASSERT ((__StackLimit >= __HeapLimit), region RAM overflowed with stack)
                0x00000001                ASSERT ((0x100000 >= (__etext + SIZEOF (.data))), FLASH memory overflowed !)
OUTPUT(exe/o3.out elf32-littlearm)

.ARM.attributes
                0x00000000       0x29
 .ARM.attributes
                0x00000000       0x1d c:/siliconlabs/simplicitystudio/v3/developer/toolchains/gnu_arm/4.8_2013q4/bin/../lib/gcc/arm-none-eabi/4.8.3/armv7-m/crti.o
 .ARM.attributes
                0x0000001d       0x2d c:/siliconlabs/simplicitystudio/v3/developer/toolchains/gnu_arm/4.8_2013q4/bin/../lib/gcc/arm-none-eabi/4.8.3/armv7-m/crtbegin.o
 .ARM.attributes
                0x0000004a       0x1b c:/siliconlabs/simplicitystudio/v3/developer/toolchains/gnu_arm/4.8_2013q4/bin/../lib/gcc/arm-none-eabi/4.8.3/../../../../arm-none-eabi/lib/armv7-m/crt0.o
 .ARM.attributes
                0x00000065       0x33 build/system_efm32gg.o
 .ARM.attributes
                0x00000098       0x33 build/segmentlcd.o
 .ARM.attributes
                0x000000cb       0x33 build/em_assert.o
 .ARM.attributes
                0x000000fe       0x33 build/em_cmu.o
 .ARM.attributes
                0x00000131       0x33 build/em_emu.o
 .ARM.attributes
                0x00000164       0x33 build/em_system.o
 .ARM.attributes
                0x00000197       0x33 build/em_lcd.o
 .ARM.attributes
                0x000001ca       0x33 build/init.o
 .ARM.attributes
                0x000001fd       0x1b build/startup_efm32gg.o
 .ARM.attributes
                0x00000218       0x33 build/o3.o
 .ARM.attributes
                0x0000024b       0x2d c:/siliconlabs/simplicitystudio/v3/developer/toolchains/gnu_arm/4.8_2013q4/bin/../lib/gcc/arm-none-eabi/4.8.3/../../../../arm-none-eabi/lib/armv7-m\libc_s.a(lib_a-exit.o)
 .ARM.attributes
                0x00000278       0x2d c:/siliconlabs/simplicitystudio/v3/developer/toolchains/gnu_arm/4.8_2013q4/bin/../lib/gcc/arm-none-eabi/4.8.3/../../../../arm-none-eabi/lib/armv7-m\libc_s.a(lib_a-impure.o)
 .ARM.attributes
                0x000002a5       0x2d c:/siliconlabs/simplicitystudio/v3/developer/toolchains/gnu_arm/4.8_2013q4/bin/../lib/gcc/arm-none-eabi/4.8.3/../../../../arm-none-eabi/lib/armv7-m\libc_s.a(lib_a-init.o)
 .ARM.attributes
                0x000002d2       0x2d c:/siliconlabs/simplicitystudio/v3/developer/toolchains/gnu_arm/4.8_2013q4/bin/../lib/gcc/arm-none-eabi/4.8.3/../../../../arm-none-eabi/lib/armv7-m\libc_s.a(lib_a-memset.o)
 .ARM.attributes
                0x000002ff       0x2d c:/siliconlabs/simplicitystudio/v3/developer/toolchains/gnu_arm/4.8_2013q4/bin/../lib/gcc/arm-none-eabi/4.8.3/../../../../arm-none-eabi/lib/armv7-m\libc_s.a(lib_a-strlen.o)
 .ARM.attributes
                0x0000032c       0x2d c:/siliconlabs/simplicitystudio/v3/developer/toolchains/gnu_arm/4.8_2013q4/bin/../lib/gcc/arm-none-eabi/4.8.3/../../../../arm-none-eabi/lib/armv7-m\libnosys.a(_exit.o)
 .ARM.attributes
                0x00000359       0x2d c:/siliconlabs/simplicitystudio/v3/developer/toolchains/gnu_arm/4.8_2013q4/bin/../lib/gcc/arm-none-eabi/4.8.3/armv7-m/crtend.o
 .ARM.attributes
                0x00000386       0x1d c:/siliconlabs/simplicitystudio/v3/developer/toolchains/gnu_arm/4.8_2013q4/bin/../lib/gcc/arm-none-eabi/4.8.3/armv7-m/crtn.o

.comment        0x00000000       0xee
 .comment       0x00000000       0x7e build/system_efm32gg.o
                                 0x7f (size before relaxing)
 .comment       0x00000000       0x7f build/segmentlcd.o
 .comment       0x00000000       0x7f build/em_assert.o
 .comment       0x00000000       0x7f build/em_cmu.o
 .comment       0x00000000       0x7f build/em_emu.o
 .comment       0x00000000       0x7f build/em_system.o
 .comment       0x00000000       0x7f build/em_lcd.o
 .comment       0x00000000       0x7f build/init.o
 .comment       0x0000007e       0x70 build/o3.o
                                 0x71 (size before relaxing)

.debug_info     0x00000000      0x5f4
 .debug_info    0x00000000      0x5f4 build/o3.o

.debug_abbrev   0x00000000      0x215
 .debug_abbrev  0x00000000      0x215 build/o3.o

.debug_aranges  0x00000000       0xa8
 .debug_aranges
                0x00000000       0xa8 build/o3.o

.debug_ranges   0x00000000       0x98
 .debug_ranges  0x00000000       0x98 build/o3.o

.debug_macro    0x00000000      0xd1a
 .debug_macro   0x00000000       0xc9 build/o3.o
 .debug_macro   0x000000c9      0x84a build/o3.o
 .debug_macro   0x00000913       0x52 build/o3.o
 .debug_macro   0x00000965       0x16 build/o3.o
 .debug_macro   0x0000097b       0x35 build/o3.o
 .debug_macro   0x000009b0       0xa2 build/o3.o
 .debug_macro   0x00000a52      0x20e build/o3.o
 .debug_macro   0x00000c60       0x22 build/o3.o
 .debug_macro   0x00000c82       0x40 build/o3.o
 .debug_macro   0x00000cc2       0x58 build/o3.o

.debug_line     0x00000000      0x402
 .debug_line    0x00000000      0x402 build/o3.o

.debug_str      0x00000000     0x36a0
 .debug_str     0x00000000     0x36a0 build/o3.o
                               0x3762 (size before relaxing)

.debug_frame    0x00000000      0x238
 .debug_frame   0x00000000      0x184 build/o3.o
 .debug_frame   0x00000184       0x28 c:/siliconlabs/simplicitystudio/v3/developer/toolchains/gnu_arm/4.8_2013q4/bin/../lib/gcc/arm-none-eabi/4.8.3/../../../../arm-none-eabi/lib/armv7-m\libc_s.a(lib_a-exit.o)
 .debug_frame   0x000001ac       0x2c c:/siliconlabs/simplicitystudio/v3/developer/toolchains/gnu_arm/4.8_2013q4/bin/../lib/gcc/arm-none-eabi/4.8.3/../../../../arm-none-eabi/lib/armv7-m\libc_s.a(lib_a-init.o)
 .debug_frame   0x000001d8       0x20 c:/siliconlabs/simplicitystudio/v3/developer/toolchains/gnu_arm/4.8_2013q4/bin/../lib/gcc/arm-none-eabi/4.8.3/../../../../arm-none-eabi/lib/armv7-m\libc_s.a(lib_a-memset.o)
 .debug_frame   0x000001f8       0x20 c:/siliconlabs/simplicitystudio/v3/developer/toolchains/gnu_arm/4.8_2013q4/bin/../lib/gcc/arm-none-eabi/4.8.3/../../../../arm-none-eabi/lib/armv7-m\libc_s.a(lib_a-strlen.o)
 .debug_frame   0x00000218       0x20 c:/siliconlabs/simplicitystudio/v3/developer/toolchains/gnu_arm/4.8_2013q4/bin/../lib/gcc/arm-none-eabi/4.8.3/../../../../arm-none-eabi/lib/armv7-m\libnosys.a(_exit.o)
